---
http_interactions:
- request:
    method: get
    uri: https://api.themoviedb.org/3/movie/550?api_key=6fb7f4e0ab0ae38d119bf702769de95d
    body:
      encoding: US-ASCII
      string: ''
    headers:
      User-Agent:
      - Faraday v1.8.0
      Accept-Encoding:
      - gzip;q=1.0,deflate;q=0.6,identity;q=0.3
      Accept:
      - "*/*"
  response:
    status:
      code: 200
      message: OK
    headers:
      Content-Type:
      - application/json;charset=utf-8
      Transfer-Encoding:
      - chunked
      Connection:
      - keep-alive
      Date:
      - Thu, 07 Oct 2021 21:17:53 GMT
      Server:
      - openresty
      Access-Control-Allow-Origin:
      - "*"
      Access-Control-Allow-Methods:
      - GET, HEAD, POST, PUT, DELETE, OPTIONS
      Access-Control-Expose-Headers:
      - ETag, X-RateLimit-Limit, X-RateLimit-Remaining, X-RateLimit-Reset, Retry-After,
        Content-Length, Content-Range
      Cache-Control:
      - public, max-age=28800
      X-Memc:
      - HIT
      X-Memc-Key:
      - ade4da0c2a4d430121774a5494398f64a3949dda
      X-Memc-Age:
      - '2454'
      X-Memc-Expires:
      - '14922'
      Etag:
      - W/"97e155b02a834b3a8697d5dcc6b3701d"
      X-Edge-Origin-Shield-Skipped:
      - '0'
      Vary:
      - Accept-Encoding
      X-Cache:
      - Miss from cloudfront
      Via:
      - 1.1 fdc1968a0f97e3bcaa230ab8e3e6223d.cloudfront.net (CloudFront)
      X-Amz-Cf-Pop:
      - DFW55-C3
      X-Amz-Cf-Id:
      - OF9fqfYAwSKJI_mmEkAwtmiapImuoYsUN-OYQZk2my-2Fb3Bb79IPw==
    body:
      encoding: ASCII-8BIT
      string: '{"adult":false,"backdrop_path":"/fygeMr16EcxJiYhdiO1LEr7iHtI.jpg","belongs_to_collection":null,"budget":63000000,"genres":[{"id":18,"name":"Drama"}],"homepage":"http://www.foxmovies.com/movies/fight-club","id":550,"imdb_id":"tt0137523","original_language":"en","original_title":"Fight
        Club","overview":"A ticking-time-bomb insomniac and a slippery soap salesman
        channel primal male aggression into a shocking new form of therapy. Their
        concept catches on, with underground \"fight clubs\" forming in every town,
        until an eccentric gets in the way and ignites an out-of-control spiral toward
        oblivion.","popularity":46.467,"poster_path":"/a26cQPRhJPX6GbWfQbvZdrrp9j9.jpg","production_companies":[{"id":508,"logo_path":"/7PzJdsLGlR7oW4J0J5Xcd0pHGRg.png","name":"Regency
        Enterprises","origin_country":"US"},{"id":711,"logo_path":"/tEiIH5QesdheJmDAqQwvtN60727.png","name":"Fox
        2000 Pictures","origin_country":"US"},{"id":20555,"logo_path":"/hD8yEGUBlHOcfHYbujp71vD8gZp.png","name":"Taurus
        Film","origin_country":"DE"},{"id":54051,"logo_path":null,"name":"Atman Entertainment","origin_country":""},{"id":54052,"logo_path":null,"name":"Knickerbocker
        Films","origin_country":"US"},{"id":25,"logo_path":"/qZCc1lty5FzX30aOCVRBLzaVmcp.png","name":"20th
        Century Fox","origin_country":"US"},{"id":4700,"logo_path":"/A32wmjrs9Psf4zw0uaixF0GXfxq.png","name":"The
        Linson Company","origin_country":"US"}],"production_countries":[{"iso_3166_1":"DE","name":"Germany"},{"iso_3166_1":"US","name":"United
        States of America"}],"release_date":"1999-10-15","revenue":100853753,"runtime":139,"spoken_languages":[{"english_name":"English","iso_639_1":"en","name":"English"}],"status":"Released","tagline":"Mischief.
        Mayhem. Soap.","title":"Fight Club","video":false,"vote_average":8.4,"vote_count":22517}'
  recorded_at: Thu, 07 Oct 2021 21:17:53 GMT
- request:
    method: get
    uri: https://api.themoviedb.org/3/movie/550?api_key=6fb7f4e0ab0ae38d119bf702769de95d
    body:
      encoding: US-ASCII
      string: ''
    headers:
      User-Agent:
      - Faraday v1.8.0
      Accept-Encoding:
      - gzip;q=1.0,deflate;q=0.6,identity;q=0.3
      Accept:
      - "*/*"
  response:
    status:
      code: 200
      message: OK
    headers:
      Content-Type:
      - application/json;charset=utf-8
      Transfer-Encoding:
      - chunked
      Connection:
      - keep-alive
      Date:
      - Thu, 07 Oct 2021 21:17:53 GMT
      Server:
      - openresty
      Access-Control-Allow-Origin:
      - "*"
      Access-Control-Allow-Methods:
      - GET, HEAD, POST, PUT, DELETE, OPTIONS
      Access-Control-Expose-Headers:
      - ETag, X-RateLimit-Limit, X-RateLimit-Remaining, X-RateLimit-Reset, Retry-After,
        Content-Length, Content-Range
      Cache-Control:
      - public, max-age=28800
      X-Memc:
      - HIT
      X-Memc-Key:
      - ade4da0c2a4d430121774a5494398f64a3949dda
      X-Memc-Age:
      - '2454'
      X-Memc-Expires:
      - '14922'
      Etag:
      - W/"97e155b02a834b3a8697d5dcc6b3701d"
      X-Edge-Origin-Shield-Skipped:
      - '0'
      Vary:
      - Accept-Encoding
      X-Cache:
      - Hit from cloudfront
      Via:
      - 1.1 e3aaa12a3d6bdaeb78a7840f524b652d.cloudfront.net (CloudFront)
      X-Amz-Cf-Pop:
      - DFW55-C3
      X-Amz-Cf-Id:
      - LH9S0D07tWjlCKAAm0fHBeBx2Wqtx9BFdexGQRbVHsoc32itn9b4cg==
    body:
      encoding: ASCII-8BIT
      string: '{"adult":false,"backdrop_path":"/fygeMr16EcxJiYhdiO1LEr7iHtI.jpg","belongs_to_collection":null,"budget":63000000,"genres":[{"id":18,"name":"Drama"}],"homepage":"http://www.foxmovies.com/movies/fight-club","id":550,"imdb_id":"tt0137523","original_language":"en","original_title":"Fight
        Club","overview":"A ticking-time-bomb insomniac and a slippery soap salesman
        channel primal male aggression into a shocking new form of therapy. Their
        concept catches on, with underground \"fight clubs\" forming in every town,
        until an eccentric gets in the way and ignites an out-of-control spiral toward
        oblivion.","popularity":46.467,"poster_path":"/a26cQPRhJPX6GbWfQbvZdrrp9j9.jpg","production_companies":[{"id":508,"logo_path":"/7PzJdsLGlR7oW4J0J5Xcd0pHGRg.png","name":"Regency
        Enterprises","origin_country":"US"},{"id":711,"logo_path":"/tEiIH5QesdheJmDAqQwvtN60727.png","name":"Fox
        2000 Pictures","origin_country":"US"},{"id":20555,"logo_path":"/hD8yEGUBlHOcfHYbujp71vD8gZp.png","name":"Taurus
        Film","origin_country":"DE"},{"id":54051,"logo_path":null,"name":"Atman Entertainment","origin_country":""},{"id":54052,"logo_path":null,"name":"Knickerbocker
        Films","origin_country":"US"},{"id":25,"logo_path":"/qZCc1lty5FzX30aOCVRBLzaVmcp.png","name":"20th
        Century Fox","origin_country":"US"},{"id":4700,"logo_path":"/A32wmjrs9Psf4zw0uaixF0GXfxq.png","name":"The
        Linson Company","origin_country":"US"}],"production_countries":[{"iso_3166_1":"DE","name":"Germany"},{"iso_3166_1":"US","name":"United
        States of America"}],"release_date":"1999-10-15","revenue":100853753,"runtime":139,"spoken_languages":[{"english_name":"English","iso_639_1":"en","name":"English"}],"status":"Released","tagline":"Mischief.
        Mayhem. Soap.","title":"Fight Club","video":false,"vote_average":8.4,"vote_count":22517}'
  recorded_at: Thu, 07 Oct 2021 21:17:53 GMT
- request:
    method: get
    uri: https://api.themoviedb.org/3/movie/550?api_key=6fb7f4e0ab0ae38d119bf702769de95d
    body:
      encoding: US-ASCII
      string: ''
    headers:
      User-Agent:
      - Faraday v1.8.0
      Accept-Encoding:
      - gzip;q=1.0,deflate;q=0.6,identity;q=0.3
      Accept:
      - "*/*"
  response:
    status:
      code: 200
      message: OK
    headers:
      Content-Type:
      - application/json;charset=utf-8
      Transfer-Encoding:
      - chunked
      Connection:
      - keep-alive
      Date:
      - Thu, 07 Oct 2021 21:17:53 GMT
      Server:
      - openresty
      Access-Control-Allow-Origin:
      - "*"
      Access-Control-Allow-Methods:
      - GET, HEAD, POST, PUT, DELETE, OPTIONS
      Access-Control-Expose-Headers:
      - ETag, X-RateLimit-Limit, X-RateLimit-Remaining, X-RateLimit-Reset, Retry-After,
        Content-Length, Content-Range
      Cache-Control:
      - public, max-age=28800
      X-Memc:
      - HIT
      X-Memc-Key:
      - ade4da0c2a4d430121774a5494398f64a3949dda
      X-Memc-Age:
      - '2454'
      X-Memc-Expires:
      - '14922'
      Etag:
      - W/"97e155b02a834b3a8697d5dcc6b3701d"
      X-Edge-Origin-Shield-Skipped:
      - '0'
      Vary:
      - Accept-Encoding
      X-Cache:
      - Hit from cloudfront
      Via:
      - 1.1 db8cefe3e60ee6957f27e98e7b5faef2.cloudfront.net (CloudFront)
      X-Amz-Cf-Pop:
      - DFW55-C3
      X-Amz-Cf-Id:
      - iG73F5OChyhn13RWnb1sgS-gY7D9H4nO7RMsND_oqabqxt58mBBXVA==
    body:
      encoding: ASCII-8BIT
      string: '{"adult":false,"backdrop_path":"/fygeMr16EcxJiYhdiO1LEr7iHtI.jpg","belongs_to_collection":null,"budget":63000000,"genres":[{"id":18,"name":"Drama"}],"homepage":"http://www.foxmovies.com/movies/fight-club","id":550,"imdb_id":"tt0137523","original_language":"en","original_title":"Fight
        Club","overview":"A ticking-time-bomb insomniac and a slippery soap salesman
        channel primal male aggression into a shocking new form of therapy. Their
        concept catches on, with underground \"fight clubs\" forming in every town,
        until an eccentric gets in the way and ignites an out-of-control spiral toward
        oblivion.","popularity":46.467,"poster_path":"/a26cQPRhJPX6GbWfQbvZdrrp9j9.jpg","production_companies":[{"id":508,"logo_path":"/7PzJdsLGlR7oW4J0J5Xcd0pHGRg.png","name":"Regency
        Enterprises","origin_country":"US"},{"id":711,"logo_path":"/tEiIH5QesdheJmDAqQwvtN60727.png","name":"Fox
        2000 Pictures","origin_country":"US"},{"id":20555,"logo_path":"/hD8yEGUBlHOcfHYbujp71vD8gZp.png","name":"Taurus
        Film","origin_country":"DE"},{"id":54051,"logo_path":null,"name":"Atman Entertainment","origin_country":""},{"id":54052,"logo_path":null,"name":"Knickerbocker
        Films","origin_country":"US"},{"id":25,"logo_path":"/qZCc1lty5FzX30aOCVRBLzaVmcp.png","name":"20th
        Century Fox","origin_country":"US"},{"id":4700,"logo_path":"/A32wmjrs9Psf4zw0uaixF0GXfxq.png","name":"The
        Linson Company","origin_country":"US"}],"production_countries":[{"iso_3166_1":"DE","name":"Germany"},{"iso_3166_1":"US","name":"United
        States of America"}],"release_date":"1999-10-15","revenue":100853753,"runtime":139,"spoken_languages":[{"english_name":"English","iso_639_1":"en","name":"English"}],"status":"Released","tagline":"Mischief.
        Mayhem. Soap.","title":"Fight Club","video":false,"vote_average":8.4,"vote_count":22517}'
  recorded_at: Thu, 07 Oct 2021 21:17:53 GMT
recorded_with: VCR 6.0.0
